// Jest Snapshot v1, https://goo.gl/fbAQLP

exports[`components UsersList Avatar should match snapshot 1`] = `
<View
  style={
    Object {
      "alignItems": "center",
      "borderRadius": 100,
      "height": 100,
      "justifyContent": "center",
      "marginRight": 12,
      "position": "relative",
      "width": 100,
    }
  }
>
  <Image
    onLoad={[Function]}
    onLoadStart={[Function]}
    source={
      Object {
        "uri": " https://i.pravatar.cc/150?img=1",
      }
    }
    style={
      Object {
        "backgroundColor": "#eee",
        "borderRadius": 100,
        "height": 100,
        "left": 0,
        "position": "absolute",
        "top": 0,
        "width": 100,
      }
    }
  />
  <ActivityIndicator
    animating={false}
    color="#999999"
    hidesWhenStopped={true}
    size="small"
  />
</View>
`;
